Drill Listing
=============
Drill: .012  Tool: 1  Feed: 95  Speed: 300
X -91000  Y -123500
X -91000  Y -136000
X -75000  Y -123000
X -75000  Y -136000
X -46500  Y -136500
X -40000  Y -136000
X -4000  Y -136000
X 40500  Y -137500
X 81500  Y -63000
X 76000  Y -63000
X 71000  Y -63000
X 66000  Y -63000
X 61000  Y -63000
X 56000  Y -63000
X 51000  Y -63000
X 500  Y -66000
X -5500  Y -68500
X -9000  Y -65000
X -17500  Y -72500
X -24000  Y -78500
X -36500  Y -67500
X -36500  Y -78500
X -36500  Y -73500
X -36500  Y -76000
X -41500  Y -78500
X -41500  Y -67500
X -41500  Y -73500
X -46500  Y -78500
X -46500  Y -73500
X -46500  Y -67500
X -52000  Y -66500
X -67500  Y -73000
X -70500  Y -63000
X -126000  Y -79000
X -135000  Y -74500
X -111500  Y -52500
X -75000  Y -52500
X -70500  Y -57500
X -63000  Y -51500
X -60000  Y -48500
X -57500  Y -38000
X -57000  Y -62500
X -46500  Y -52500
X -46500  Y -57500
X -46500  Y -62500
X -46500  Y -47500
X -46500  Y -42500
X -41500  Y -52500
X -41500  Y -47500
X -41500  Y -42500
X -41500  Y -62500
X -41500  Y -57500
X -36500  Y -42500
X -36500  Y -47500
X -36500  Y -52500
X -36500  Y -62500
X -36500  Y -57500
X -27000  Y -53500
X -27000  Y -38000
X -23000  Y -48000
X -22000  Y -44500
X -15000  Y -40500
X -9000  Y -61000
X -8000  Y -57000
X -7000  Y -42000
X -3500  Y -55500
X 500  Y -51500
X 4000  Y -48000
X 6000  Y -61000
X 7500  Y -44000
X 11000  Y -56000
X 12000  Y -40000
X 15500  Y -51000
X 20500  Y -46000
X 25500  Y -41000
X 32500  Y -45000
X 32500  Y -55000
X 32500  Y -60000
X 32500  Y -50000
X 37500  Y -60000
X 37500  Y -55000
X 37500  Y -50000
X 37500  Y -45000
X 42500  Y -45000
X 42500  Y -55000
X 42500  Y -60000
X 42500  Y -50000
X 47500  Y -55000
X 47500  Y -45000
X 47500  Y -60000
X 47500  Y -50000
X 52000  Y -44500
X 57000  Y -44500
X 62000  Y -44500
X 64500  Y -55000
X 64500  Y -50000
X 68500  Y -55000
X 68500  Y -50000
X 71000  Y -44500
X 76000  Y -44500
X 81000  Y -44500
X 83500  Y -50000
X 83500  Y -55000
X 91000  Y -60000
X 91000  Y -50000
X 91000  Y -55000
X 96000  Y -50000
X 96000  Y -60000
X 96000  Y -55000
X 101000  Y -50000
X 101000  Y -60000
X 101000  Y -55000
X 143500  Y -27500
X 143500  Y -32500
X 143500  Y -37500
X 143500  Y -17500
X 143500  Y -22500
X 138500  Y -37500
X 138500  Y -27500
X 138500  Y -32500
X 138500  Y -22500
X 138500  Y -17500
X 133500  Y -27500
X 133500  Y -32500
X 133500  Y -37500
X 133500  Y -17500
X 133500  Y -22500
X 128500  Y -37500
X 128500  Y -32500
X 128500  Y -27500
X 128500  Y -17500
X 128500  Y -22500
X 123500  Y -37500
X 123500  Y -32500
X 123500  Y -27500
X 123500  Y -17500
X 123500  Y -22500
X 118500  Y -37500
X 118500  Y -27500
X 118500  Y -32500
X 118500  Y -17500
X 118500  Y -22500
X 113500  Y -37500
X 113500  Y -32500
X 113500  Y -27500
X 113500  Y -17500
X 113500  Y -22500
X 108500  Y -37500
X 108500  Y -32500
X 108500  Y -27500
X 108500  Y -17500
X 108500  Y -22500
X 103500  Y -27500
X 103500  Y -32500
X 103500  Y -17500
X 103500  Y -22500
X 103500  Y -37500
X 98500  Y -37500
X 98500  Y -22500
X 98500  Y -17500
X 98500  Y -27500
X 98500  Y -32500
X 93500  Y -32500
X 93500  Y -27500
X 93500  Y -22500
X 93500  Y -17500
X 93500  Y -37500
X 88500  Y -27500
X 88500  Y -22500
X 88500  Y -17500
X 83500  Y -22500
X 83500  Y -17500
X 82000  Y -28000
X 82000  Y -36500
X 78500  Y -22500
X 78500  Y -17500
X 76000  Y -28000
X 76000  Y -36500
X 73500  Y -22500
X 73500  Y -17500
X 70000  Y -36500
X 70000  Y -28000
X 68500  Y -22500
X 68500  Y -17500
X 63500  Y -17500
X 63500  Y -22500
X 63000  Y -36500
X 63000  Y -28000
X 58500  Y -17500
X 58500  Y -22500
X 57000  Y -28000
X 57000  Y -36500
X 53500  Y -22500
X 53500  Y -17500
X 51000  Y -36500
X 51000  Y -28000
X 48500  Y -17500
X 48500  Y -22500
X 38000  Y -21500
X 38000  Y -36500
X 30500  Y -36000
X 27500  Y -25000
X 23500  Y -27000
X 18500  Y -33000
X 15500  Y -36000
X -3500  Y -17000
X -6500  Y -37500
X -12500  Y -32500
X -32500  Y -23500
X -36500  Y -28500
X -36500  Y -32500
X -36500  Y -37500
X -41500  Y -32500
X -41500  Y -37500
X -41500  Y -28500
X -46500  Y -28500
X -46500  Y -37500
X -46500  Y -32500
X -50000  Y -14000
X -54000  Y -24000
X -70000  Y -26500
X -80500  Y -37500
X -83500  Y -18500
X -83500  Y -24500
X -84000  Y -30500
X -93000  Y -14500
X -104500  Y -22000
X -109500  Y -18500
X -118500  Y -33000
X -131000  Y -33000
X -137000  Y -33000
X -120000  Y 8500
X -118500  Y -9000
X -96000  Y -11500
X -87500  Y 10000
X -87500  Y 5000
X -87500  Y 0
X -87500  Y -5000
X -82500  Y -5000
X -82500  Y 0
X -82500  Y 5000
X -82500  Y 10000
X -76500  Y -4500
X -69500  Y -4500
X -66500  Y -12500
X -57500  Y -12500
X -54000  Y -1500
X -47500  Y 11000
X -47500  Y 2000
X -47500  Y 6000
X -42500  Y 6000
X -42500  Y 11000
X -37500  Y 0
X -32500  Y 0
X -32500  Y -5000
X -27500  Y -5000
X -27500  Y -9500
X -27500  Y 0
X -22500  Y -5000
X -22500  Y -9500
X -22500  Y 0
X -17500  Y 5000
X -17500  Y 10000
X -17500  Y -5000
X -17500  Y 0
X -17500  Y -9500
X -12500  Y 0
X -12500  Y -5000
X -12500  Y -9500
X -12500  Y 10000
X -12500  Y 5000
X -7500  Y 0
X -7500  Y -5000
X -7500  Y -9500
X -7500  Y 10000
X -7500  Y 5000
X -2500  Y -4500
X -2500  Y 0
X -2500  Y -9500
X -2500  Y 5000
X 2500  Y 5000
X 2500  Y -4500
X 2500  Y -9500
X 2500  Y 0
X 7500  Y -4500
X 7500  Y 5000
X 7500  Y 0
X 7500  Y -9500
X 12500  Y -4500
X 12500  Y 10000
X 12500  Y 5000
X 12500  Y -9500
X 12500  Y 0
X 17500  Y -4500
X 17500  Y 0
X 17500  Y 5000
X 17500  Y 10000
X 27500  Y 10000
X 27500  Y 0
X 27500  Y 5000
X 27500  Y -5000
X 27500  Y -10000
X 32500  Y 5000
X 32500  Y 10000
X 32500  Y -10000
X 32500  Y 0
X 32500  Y -5000
X 37500  Y 10000
X 37500  Y -10000
X 37500  Y -5000
X 37500  Y 5000
X 37500  Y 0
X 42500  Y 5000
X 42500  Y 10000
X 42500  Y -5000
X 42500  Y -10000
X 42500  Y 0
X 47500  Y -5000
X 47500  Y 0
X 47500  Y 10000
X 47500  Y 5000
X 52500  Y 5000
X 52500  Y 10000
X 52500  Y 0
X 52500  Y -5000
X 57500  Y 10000
X 58500  Y -12500
X 63500  Y -12500
X 68500  Y -12500
X 73500  Y -12500
X 78500  Y -12500
X 83500  Y -12500
X 88500  Y -12500
X 93500  Y -12500
X 98500  Y -12500
X 103500  Y -12500
X 108500  Y -12500
X 113500  Y -12500
X 118500  Y -12500
X 123500  Y -12500
X 128500  Y -12500
X 133500  Y -12500
X 138500  Y -12500
X 143500  Y -12500
X 57500  Y 15000
X 57500  Y 20000
X 57500  Y 35000
X 57500  Y 30000
X 57500  Y 25000
X 52500  Y 15000
X 52500  Y 20000
X 52500  Y 25000
X 52500  Y 30000
X 52500  Y 35000
X 47500  Y 35000
X 47500  Y 30000
X 42500  Y 35000
X 42500  Y 30000
X 37500  Y 35000
X 37500  Y 30000
X 32500  Y 35000
X 32500  Y 25000
X 32500  Y 20000
X 32500  Y 15000
X 32500  Y 30000
X 27500  Y 20000
X 27500  Y 25000
X 27500  Y 30000
X 27500  Y 35000
X 27500  Y 15000
X 17500  Y 20000
X 17500  Y 25000
X 17500  Y 30000
X 17500  Y 35000
X 17500  Y 15000
X 12500  Y 35000
X 12500  Y 30000
X 12500  Y 25000
X 12500  Y 20000
X 12500  Y 15000
X 7500  Y 35000
X 2500  Y 35000
X -2500  Y 35000
X -7500  Y 20000
X -7500  Y 15000
X -12500  Y 15000
X -17500  Y 20000
X -17500  Y 35000
X -17500  Y 15000
X -19500  Y 27500
X -22500  Y 35000
X -27500  Y 35000
X -32500  Y 35000
X -37500  Y 35000
X -42500  Y 35000
X -42500  Y 21000
X -42500  Y 16000
X -43500  Y 24500
X -47500  Y 16000
X -47500  Y 21000
X -47500  Y 31000
X -47500  Y 35000
X -54000  Y 22000
X -77500  Y 25000
X -77500  Y 30000
X -77500  Y 35000
X -82500  Y 30000
X -82500  Y 20000
X -82500  Y 15000
X -82500  Y 35000
X -82500  Y 25000
X -87500  Y 15000
X -87500  Y 35000
X -87500  Y 25000
X -87500  Y 20000
X -87500  Y 30000
X -123500  Y 16000
X -133500  Y 13000
X -87500  Y 55000
X -87500  Y 50000
X -87500  Y 40000
X -87500  Y 45000
X -82500  Y 50000
X -82500  Y 45000
X -82500  Y 40000
X -82500  Y 55000
X -77500  Y 50000
X -77500  Y 40000
X -77500  Y 45000
X -77500  Y 55000
X -72500  Y 55000
X -67500  Y 55000
X -57500  Y 55000
X -52500  Y 55000
X -47500  Y 45000
X -47500  Y 50000
X -47500  Y 40000
X -47500  Y 55000
X -42500  Y 50000
X -42500  Y 45000
X -42500  Y 40000
X -42500  Y 55000
X -37500  Y 40000
X -37500  Y 50000
X -37500  Y 45000
X -37500  Y 55000
X -32500  Y 45000
X -32500  Y 40000
X -32500  Y 50000
X -32500  Y 55000
X -27500  Y 45000
X -27500  Y 50000
X -27500  Y 40000
X -27500  Y 55000
X -22500  Y 55000
X -22500  Y 50000
X -22500  Y 45000
X -22500  Y 40000
X -17500  Y 40000
X -17500  Y 45000
X -17500  Y 55000
X -17500  Y 50000
X -12500  Y 40000
X -12500  Y 50000
X -12500  Y 55000
X -12500  Y 45000
X -7500  Y 55000
X -7500  Y 50000
X -2500  Y 55000
X -2500  Y 40000
X -2500  Y 50000
X -2500  Y 45000
X 2500  Y 40000
X 2500  Y 50000
X 2500  Y 55000
X 2500  Y 45000
X 7500  Y 55000
X 7500  Y 45000
X 7500  Y 50000
X 7500  Y 40000
X 12500  Y 50000
X 12500  Y 45000
X 12500  Y 40000
X 12500  Y 55000
X 17500  Y 40000
X 17500  Y 55000
X 17500  Y 45000
X 17500  Y 50000
X 27500  Y 50000
X 27500  Y 40000
X 27500  Y 45000
X 27500  Y 55000
X 27500  Y 60000
X 32500  Y 40000
X 32500  Y 45000
X 32500  Y 50000
X 32500  Y 55000
X 32500  Y 60000
X 37500  Y 45000
X 37500  Y 50000
X 37500  Y 55000
X 37500  Y 40000
X 37500  Y 60000
X 42500  Y 50000
X 42500  Y 55000
X 42500  Y 40000
X 42500  Y 45000
X 42500  Y 60000
X 47500  Y 40000
X 47500  Y 55000
X 47500  Y 50000
X 47500  Y 45000
X 47500  Y 60000
X 52500  Y 40000
X 52500  Y 50000
X 52500  Y 55000
X 52500  Y 45000
X 52500  Y 60000
X 57500  Y 60000
X 57500  Y 50000
X 57500  Y 40000
X 57500  Y 45000
X 57500  Y 55000
X 110000  Y 56500
X -76500  Y 88500
X -76500  Y 92500

Drill: .07  Tool: 2  Feed: 81  Speed: 550
X -140000  Y 117000
X 138000  Y -115500

Drill: .095  Tool: 3  Feed: 66  Speed: 550
X -132500  Y -105000
X -102500  Y -130000
X -62500  Y -130000
X -28500  Y -130000
X 8500  Y -130000
X 54000  Y -130000
X -132500  Y -12500
X -132500  Y 27500
X -133000  Y -62500
X 59500  Y 125000

Drill: .187  Tool: 4  Feed: 35  Speed: 1033
X -137500  Y -137500
X 137500  Y -137500
X 137500  Y 137500
X -137500  Y 137500

Drill: .208  Tool: 5  Feed: 0  Speed: 0
X 125000  Y -60000
X 125000  Y 10000
X 125000  Y 101000
X 17000  Y 125000
X -76500  Y 125000

End of Listing
